// Jest Snapshot v1, https://goo.gl/fbAQLP

exports[`Snapshots tests renders App 1`] = `
<div>
  <h4
    class="ant-typography css-dev-only-do-not-override-txh9fw"
  >
    Add a new player
  </h4>
  <div
    class="ant-space css-dev-only-do-not-override-txh9fw ant-space-horizontal ant-space-align-center"
  >
    <div
      class="ant-space-item"
      style="margin-right: 8px;"
    >
      <input
        class="ant-input css-dev-only-do-not-override-txh9fw"
        placeholder="Enter player name"
        type="text"
        value=""
      />
    </div>
    <div
      class="ant-space-item"
    >
      <button
        class="ant-btn css-dev-only-do-not-override-txh9fw ant-btn-default ant-btn-lg"
        disabled=""
        type="button"
      >
        <span>
          Create new player
        </span>
      </button>
    </div>
  </div>
</div>
`;

exports[`Snapshots tests renders Game 1`] = `
<div>
  <div
    class="ant-alert ant-alert-warning ant-alert-with-description ant-alert-no-icon ant-alert-banner css-dev-only-do-not-override-txh9fw"
    data-show="true"
    role="alert"
  >
    <div
      class="ant-alert-content"
    >
      <div
        class="ant-alert-description"
      >
        You must first create some players using the "Add a new player" form below!
      </div>
    </div>
  </div>
</div>
`;

exports[`Snapshots tests renders Player 1`] = `
<div>
  <h4
    class="ant-typography css-dev-only-do-not-override-txh9fw"
  >
    Add a new player
  </h4>
  <div
    class="ant-space css-dev-only-do-not-override-txh9fw ant-space-horizontal ant-space-align-center"
  >
    <div
      class="ant-space-item"
      style="margin-right: 8px;"
    >
      <input
        class="ant-input css-dev-only-do-not-override-txh9fw"
        placeholder="Enter player name"
        type="text"
        value=""
      />
    </div>
    <div
      class="ant-space-item"
    >
      <button
        class="ant-btn css-dev-only-do-not-override-txh9fw ant-btn-default ant-btn-lg"
        disabled=""
        type="button"
      >
        <span>
          Create new player
        </span>
      </button>
    </div>
  </div>
</div>
`;

exports[`Snapshots tests renders Scoreboard 1`] = `
<div>
  <h2
    class="ant-typography css-dev-only-do-not-override-txh9fw"
  >
    Scoreboard
  </h2>
  <div
    class="ant-alert ant-alert-info ant-alert-with-description ant-alert-no-icon ant-alert-banner css-dev-only-do-not-override-txh9fw"
    data-show="true"
    role="alert"
  >
    <div
      class="ant-alert-content"
    >
      <div
        class="ant-alert-description"
      >
        Players are ranked by Ratio first, then Goals difference, then Goals For, then Player name.
      </div>
    </div>
  </div>
  <div
    class="ant-table-wrapper css-dev-only-do-not-override-txh9fw"
  >
    <div
      class="ant-spin-nested-loading css-dev-only-do-not-override-txh9fw"
    >
      <div
        class="ant-spin-container"
      >
        <div
          class="ant-table ant-table-empty"
        >
          <div
            class="ant-table-container"
          >
            <div
              class="ant-table-content"
            >
              <table
                style="table-layout: auto;"
              >
                <colgroup />
                <thead
                  class="ant-table-thead"
                >
                  <tr>
                    <th
                      class="ant-table-cell"
                      scope="col"
                    >
                      Player name
                    </th>
                    <th
                      class="ant-table-cell"
                      scope="col"
                    >
                      Games played
                    </th>
                    <th
                      class="ant-table-cell"
                      scope="col"
                    >
                      Wins
                    </th>
                    <th
                      class="ant-table-cell"
                      scope="col"
                    >
                      Losses
                    </th>
                    <th
                      class="ant-table-cell"
                      scope="col"
                    >
                      Ratio
                    </th>
                    <th
                      class="ant-table-cell"
                      scope="col"
                    >
                      Goals For
                    </th>
                    <th
                      class="ant-table-cell"
                      scope="col"
                    >
                      Goals Against
                    </th>
                    <th
                      class="ant-table-cell"
                      scope="col"
                    >
                      Goals Difference
                    </th>
                  </tr>
                </thead>
                <tbody
                  class="ant-table-tbody"
                >
                  <tr
                    class="ant-table-placeholder"
                  >
                    <td
                      class="ant-table-cell"
                      colspan="8"
                    >
                      <div
                        class="css-dev-only-do-not-override-txh9fw ant-empty ant-empty-normal"
                      >
                        <div
                          class="ant-empty-image"
                        >
                          <svg
                            height="41"
                            viewBox="0 0 64 41"
                            width="64"
                            xmlns="http://www.w3.org/2000/svg"
                          >
                            <g
                              fill="none"
                              fill-rule="evenodd"
                              transform="translate(0 1)"
                            >
                              <ellipse
                                cx="32"
                                cy="33"
                                fill="#f5f5f5"
                                rx="32"
                                ry="7"
                              />
                              <g
                                fill-rule="nonzero"
                                stroke="#d9d9d9"
                              >
                                <path
                                  d="M55 12.76L44.854 1.258C44.367.474 43.656 0 42.907 0H21.093c-.749 0-1.46.474-1.947 1.257L9 12.761V22h46v-9.24z"
                                />
                                <path
                                  d="M41.613 15.931c0-1.605.994-2.93 2.227-2.931H55v18.137C55 33.26 53.68 35 52.05 35h-40.1C10.32 35 9 33.259 9 31.137V13h11.16c1.233 0 2.227 1.323 2.227 2.928v.022c0 1.605 1.005 2.901 2.237 2.901h14.752c1.232 0 2.237-1.308 2.237-2.913v-.007z"
                                  fill="#fafafa"
                                />
                              </g>
                            </g>
                          </svg>
                        </div>
                        <div
                          class="ant-empty-description"
                        >
                          No data
                        </div>
                      </div>
                    </td>
                  </tr>
                </tbody>
              </table>
            </div>
          </div>
        </div>
      </div>
    </div>
  </div>
</div>
`;
